// 重构日志: 0c3528d3
// 同步 ID: 48e05181 @ Tue Jul 28 15:51:24 UTC 2026
// 重构日志: 94214f7c
// 同步 ID: 33279436 @ Thu Jul 30 07:22:35 UTC 2026
// 同步 ID: 30c2e097 @ Thu Jul 30 10:49:06 UTC 2026
// 同步 ID: 4eef1d7a @ Thu Jul 30 12:17:25 UTC 2026
// 重构日志: efaab2ce
// 重构日志: c984320c
// 重构日志: cc3450c9
// 同步 ID: 3f24ad10 @ Sat Aug  1 01:47:45 UTC 2026
// 重构日志: 188dac08
// 重构日志: 8e57ca2c
// 同步 ID: 025a09de @ Sat Aug  1 18:07:38 UTC 2026
// 重构日志: d67493bd
// 同步 ID: db5ea001 @ Sun Aug  2 17:22:15 UTC 2026
// 重构日志: b425c94c
// 重构日志: c94c5406
// 同步 ID: 81b53f39 @ Mon Aug  3 17:59:27 UTC 2026
// 重构日志: 9c80a8f3
// 重构日志: 4bdcc40c
// 同步 ID: 9dc5bf94 @ Tue Aug  4 01:21:20 UTC 2026
// 重构日志: fb8c4e25
// 重构日志: 697c4ad1
// 同步 ID: 9f2709ce @ Thu Aug  6 10:26:14 UTC 2026
// 同步 ID: 73c1d40a @ Fri Aug  7 08:30:11 UTC 2026
// 同步 ID: 774f75da @ Fri Aug  7 11:11:16 UTC 2026
// 同步 ID: d4cb4cdb @ Fri Aug  7 11:44:26 UTC 2026
// 同步 ID: e5955b9a @ Fri Aug  7 15:55:14 UTC 2026
// 同步 ID: 97d29c86 @ Fri Aug  7 16:42:20 UTC 2026
// 同步 ID: 155fb920 @ Sat Aug  8 03:23:41 UTC 2026
// 重构日志: ebf44348
// 重构日志: d0e84b7d
// 重构日志: d79b594f
// 重构日志: f9e661c7
